Archive member included to satisfy reference by file (symbol)

../libopencm3/lib/libopencm3_stm32f1.a(desig.o)
                              build/BLUEPILL/./stm32f103/target_stm32f103.o (desig_get_unique_id_as_string)
../libopencm3/lib/libopencm3_stm32f1.a(flash.o)
                              build/BLUEPILL/./stm32f103/target_stm32f103.o (flash_program_half_word)
../libopencm3/lib/libopencm3_stm32f1.a(gpio.o)
                              build/BLUEPILL/./stm32f103/target_stm32f103.o (gpio_set_mode)
../libopencm3/lib/libopencm3_stm32f1.a(rcc.o)
                              build/BLUEPILL/./stm32f103/target_stm32f103.o (rcc_clock_setup_in_hse_8mhz_out_72mhz)
../libopencm3/lib/libopencm3_stm32f1.a(gpio_common_all.o)
                              build/BLUEPILL/./stm32f103/target_stm32f103.o (gpio_set)
../libopencm3/lib/libopencm3_stm32f1.a(rcc_common_all.o)
                              build/BLUEPILL/./stm32f103/target_stm32f103.o (rcc_periph_clock_enable)
../libopencm3/lib/libopencm3_stm32f1.a(flash_common_f01.o)
                              ../libopencm3/lib/libopencm3_stm32f1.a(rcc.o) (flash_set_ws)
../libopencm3/lib/libopencm3_stm32f1.a(usb.o)
                              build/BLUEPILL/usb_conf.o (usbd_init)
../libopencm3/lib/libopencm3_stm32f1.a(usb_control.o)
                              build/BLUEPILL/usb_msc.o (usbd_register_control_callback)
../libopencm3/lib/libopencm3_stm32f1.a(usb_standard.o)
                              build/BLUEPILL/usb_msc.o (usbd_register_set_config_callback)
../libopencm3/lib/libopencm3_stm32f1.a(st_usbfs_v1.o)
                              build/BLUEPILL/./stm32f103/target_stm32f103.o (st_usbfs_v1_usb_driver)
../libopencm3/lib/libopencm3_stm32f1.a(vector.o)
                              (reset_handler)
../libopencm3/lib/libopencm3_stm32f1.a(scb.o)
                              build/BLUEPILL/./stm32f103/target_stm32f103.o (scb_reset_system)
../libopencm3/lib/libopencm3_stm32f1.a(assert.o)
                              ../libopencm3/lib/libopencm3_stm32f1.a(rcc.o) (cm3_assert_failed)
../libopencm3/lib/libopencm3_stm32f1.a(st_usbfs_core.o)
                              ../libopencm3/lib/libopencm3_stm32f1.a(st_usbfs_v1.o) (st_usbfs_set_address)
/usr/lib/gcc/arm-none-eabi/14.2.1/../../../arm-none-eabi/lib/thumb/v7-m/nofp/libc.a(libc_a-strncpy.o)
                              build/BLUEPILL/usb_conf.o (strncpy)
/usr/lib/gcc/arm-none-eabi/14.2.1/../../../arm-none-eabi/lib/thumb/v7-m/nofp/libc.a(libc_a-strlen-stub.o)
                              build/BLUEPILL/dmesg.o (strlen)
/usr/lib/gcc/arm-none-eabi/14.2.1/../../../arm-none-eabi/lib/thumb/v7-m/nofp/libc.a(libc_a-memset.o)
                              build/BLUEPILL/dmesg.o (memset)
/usr/lib/gcc/arm-none-eabi/14.2.1/../../../arm-none-eabi/lib/thumb/v7-m/nofp/libc.a(libc_a-memmove.o)
                              build/BLUEPILL/dmesg.o (memmove)
/usr/lib/gcc/arm-none-eabi/14.2.1/../../../arm-none-eabi/lib/thumb/v7-m/nofp/libc.a(libc_a-memcmp.o)
                              build/BLUEPILL/ghostfat.o (memcmp)
/usr/lib/gcc/arm-none-eabi/14.2.1/../../../arm-none-eabi/lib/thumb/v7-m/nofp/libc.a(libc_a-memcpy.o)
                              build/BLUEPILL/dmesg.o (memcpy)

Discarded input sections

 .text          0x00000000        0x0 build/BLUEPILL/./stm32f103/backup.o
 .data          0x00000000        0x0 build/BLUEPILL/./stm32f103/backup.o
 .bss           0x00000000        0x0 build/BLUEPILL/./stm32f103/backup.o
 .text          0x00000000        0x0 build/BLUEPILL/./stm32f103/target_stm32f103.o
 .data          0x00000000        0x0 build/BLUEPILL/./stm32f103/target_stm32f103.o
 .bss           0x00000000        0x0 build/BLUEPILL/./stm32f103/target_stm32f103.o
 .text.target_get_force_app
                0x00000000       0x24 build/BLUEPILL/./stm32f103/target_stm32f103.o
 .text.target_get_max_firmware_size
                0x00000000        0x6 build/BLUEPILL/./stm32f103/target_stm32f103.o
 .text          0x00000000        0x0 build/BLUEPILL/dapboot.o
 .data          0x00000000        0x0 build/BLUEPILL/dapboot.o
 .bss           0x00000000        0x0 build/BLUEPILL/dapboot.o
 .text          0x00000000        0x0 build/BLUEPILL/dmesg.o
 .data          0x00000000        0x0 build/BLUEPILL/dmesg.o
 .bss           0x00000000        0x0 build/BLUEPILL/dmesg.o
 .text          0x00000000        0x0 build/BLUEPILL/dummy.o
 .data          0x00000000        0x0 build/BLUEPILL/dummy.o
 .bss           0x00000000        0x0 build/BLUEPILL/dummy.o
 .text.target_get_serial_number
                0x00000000        0x8 build/BLUEPILL/dummy.o
 .text.target_log
                0x00000000        0x2 build/BLUEPILL/dummy.o
 .text.target_manifest_app
                0x00000000        0x6 build/BLUEPILL/dummy.o
 .text          0x00000000        0x0 build/BLUEPILL/ghostfat.o
 .data          0x00000000        0x0 build/BLUEPILL/ghostfat.o
 .bss           0x00000000        0x0 build/BLUEPILL/ghostfat.o
[...]
Memory Configuration

Name             Origin             Length             Attributes
rom              0x08000000         0x00004000         xr
ram              0x20000000         0x00005000         xrw
*default*        0x00000000         0xffffffff

Linker script and memory map

LOAD build/BLUEPILL/./stm32f103/backup.o
LOAD build/BLUEPILL/./stm32f103/target_stm32f103.o
LOAD build/BLUEPILL/dapboot.o
LOAD build/BLUEPILL/dmesg.o
LOAD build/BLUEPILL/dummy.o
LOAD build/BLUEPILL/ghostfat.o
LOAD build/BLUEPILL/usb_conf.o
LOAD build/BLUEPILL/usb_msc.o
LOAD build/BLUEPILL/webusb.o
LOAD build/BLUEPILL/winusb.o
LOAD ../libopencm3/lib/libopencm3_stm32f1.a
START GROUP
LOAD /usr/lib/gcc/arm-none-eabi/14.2.1/../../../arm-none-eabi/lib/thumb/v7-m/nofp/libc.a
LOAD /usr/lib/gcc/arm-none-eabi/14.2.1/thumb/v7-m/nofp/libgcc.a
LOAD /usr/lib/gcc/arm-none-eabi/14.2.1/../../../arm-none-eabi/lib/thumb/v7-m/nofp/libnosys.a
END GROUP
START GROUP
LOAD /usr/lib/gcc/arm-none-eabi/14.2.1/thumb/v7-m/nofp/libgcc.a
LOAD /usr/lib/gcc/arm-none-eabi/14.2.1/../../../arm-none-eabi/lib/thumb/v7-m/nofp/libc.a
END GROUP

.text           0x08000000     0x2c44
 *(.vectors)
 .vectors       0x08000000      0x150 ../libopencm3/lib/libopencm3_stm32f1.a(vector.o)
                0x08000000                vector_table
 *(.text*)
 .text.backup_write
                0x08000150        0xc build/BLUEPILL/./stm32f103/backup.o
                0x08000150                backup_write
 .text.backup_read
                0x0800015c        0xc build/BLUEPILL/./stm32f103/backup.o
                0x0800015c                backup_read
 .text.target_clock_setup
                0x08000168        0x4 build/BLUEPILL/./stm32f103/target_stm32f103.o
                0x08000168                target_clock_setup
 .text.target_set_led
                0x0800016c       0x18 build/BLUEPILL/./stm32f103/target_stm32f103.o
                0x0800016c                target_set_led
 .text.target_gpio_setup
                0x08000184       0x4c build/BLUEPILL/./stm32f103/target_stm32f103.o
                0x08000184                target_gpio_setup
 .text.target_usb_init
                0x080001d0       0x2c build/BLUEPILL/./stm32f103/target_stm32f103.o
                0x080001d0                target_usb_init
 .text.target_manifest_app
                0x080001fc       0x14 build/BLUEPILL/./stm32f103/target_stm32f103.o
                0x080001fc                target_manifest_app
 .text.target_get_force_bootloader
                0x08000210       0x4c build/BLUEPILL/./stm32f103/target_stm32f103.o
                0x08000210                target_get_force_bootloader
 .text.target_get_serial_number
                0x0800025c        0x6 build/BLUEPILL/./stm32f103/target_stm32f103.o
                0x0800025c                target_get_serial_number
 .text.target_relocate_vector_table
                0x08000262        0xe build/BLUEPILL/./stm32f103/target_stm32f103.o
                0x08000262                target_relocate_vector_table
 .text.target_flash_unlock
                0x08000270        0x4 build/BLUEPILL/./stm32f103/target_stm32f103.o
                0x08000270                target_flash_unlock
 .text.target_flash_lock
                0x08000274        0x4 build/BLUEPILL/./stm32f103/target_stm32f103.o
                0x08000274                target_flash_lock
 .text.target_flash_program_array
                0x08000278       0x70 build/BLUEPILL/./stm32f103/target_stm32f103.o
                0x08000278                target_flash_program_array
 .text.jump_to_application
                0x080002e8       0x1c build/BLUEPILL/dapboot.o
 .text.validate_application
                0x08000304       0x1c build/BLUEPILL/dapboot.o
                0x08000304                validate_application
 .text.startup.main
                0x08000320       0xf8 build/BLUEPILL/dapboot.o
                0x08000320                main
 .text.logwrite
                0x08000418       0x14 build/BLUEPILL/dmesg.o
 .text.logwritenum
                0x0800042c       0xb0 build/BLUEPILL/dmesg.o
 .text.logwriten
                0x080004dc       0x70 build/BLUEPILL/dmesg.o
 .text.codal_vdmesg
                0x0800054c       0xa8 build/BLUEPILL/dmesg.o
                0x0800054c                codal_vdmesg
 .text.codal_dmesg
                0x080005f4       0x1a build/BLUEPILL/dmesg.o
                0x080005f4                codal_dmesg
 .text.target_pre_main
                0x0800060e        0x2 build/BLUEPILL/dummy.o
                0x0800060e                target_pre_main
 .text.flushFlash
                0x08000610       0x74 build/BLUEPILL/ghostfat.o
 .text.ghostfat_1ms
                0x08000684       0x40 build/BLUEPILL/ghostfat.o
                0x08000684                ghostfat_1ms
 .text.read_block
                0x080006c4      0x164 build/BLUEPILL/ghostfat.o
                0x080006c4                read_block
 .text.write_block
                0x08000828      0x148 build/BLUEPILL/ghostfat.o
                0x08000828                write_block
 .text.usb_set_serial_number
                0x08000970       0x1c build/BLUEPILL/usb_conf.o
                0x08000970                usb_set_serial_number
 .text.usb_setup
                0x0800098c       0x3c build/BLUEPILL/usb_conf.o
                0x0800098c                usb_setup
 .text.msc_control_request
                0x080009c8       0x24 build/BLUEPILL/usb_msc.o
 .text.msc_set_config
                0x080009ec       0x48 build/BLUEPILL/usb_msc.o
 .text.scsi_command.constprop.0
                0x08000a34      0x2b4 build/BLUEPILL/usb_msc.o
 .text.msc_data_tx_cb
                0x08000ce8       0xd0 build/BLUEPILL/usb_msc.o
 .text.msc_data_rx_cb
                0x08000db8      0x168 build/BLUEPILL/usb_msc.o
 .text.usb_msc_init
                0x08000f20       0x64 build/BLUEPILL/usb_msc.o
                0x08000f20                usb_msc_init
 .text.winusb_set_config
                0x08000f84       0x10 build/BLUEPILL/winusb.o
 .text.winusb_control_vendor_request
                0x08000f94       0x34 build/BLUEPILL/winusb.o
 .text.winusb_setup
                0x08000fc8       0x30 build/BLUEPILL/winusb.o
                0x08000fc8                winusb_setup
 .text.desig_get_unique_id
                0x08000ff8       0x1c ../libopencm3/lib/libopencm3_stm32f1.a(desig.o)
                0x08000ff8                desig_get_unique_id
 .text.desig_get_unique_id_as_string
                0x08001014       0x70 ../libopencm3/lib/libopencm3_stm32f1.a(desig.o)
                0x08001014                desig_get_unique_id_as_string
 .text.flash_get_status_flags
                0x08001084       0x24 ../libopencm3/lib/libopencm3_stm32f1.a(flash.o)
                0x08001084                flash_get_status_flags
 .text.flash_program_half_word
                0x080010a8       0x70 ../libopencm3/lib/libopencm3_stm32f1.a(flash.o)
                0x080010a8                flash_program_half_word
 .text.flash_erase_page
                0x08001118       0x80 ../libopencm3/lib/libopencm3_stm32f1.a(flash.o)
                0x08001118                flash_erase_page
 .text.gpio_set_mode
                0x08001198       0x6a ../libopencm3/lib/libopencm3_stm32f1.a(gpio.o)
                0x08001198                gpio_set_mode
 *fill*         0x08001202        0x2 
 .text.rcc_wait_for_osc_ready
                0x08001204       0x5c ../libopencm3/lib/libopencm3_stm32f1.a(rcc.o)
                0x08001204                rcc_wait_for_osc_ready
 .text.rcc_osc_on
                0x08001260       0x60 ../libopencm3/lib/libopencm3_stm32f1.a(rcc.o)
                0x08001260                rcc_osc_on
 .text.rcc_set_sysclk_source
                0x080012c0       0x14 ../libopencm3/lib/libopencm3_stm32f1.a(rcc.o)
                0x080012c0                rcc_set_sysclk_source
 .text.rcc_set_pll_multiplication_factor
                0x080012d4       0x14 ../libopencm3/lib/libopencm3_stm32f1.a(rcc.o)
                0x080012d4                rcc_set_pll_multiplication_factor
 .text.rcc_set_pll_source
                0x080012e8       0x14 ../libopencm3/lib/libopencm3_stm32f1.a(rcc.o)
                0x080012e8                rcc_set_pll_source
 .text.rcc_set_pllxtpre
                0x080012fc       0x14 ../libopencm3/lib/libopencm3_stm32f1.a(rcc.o)
                0x080012fc                rcc_set_pllxtpre
 .text.rcc_set_adcpre
                0x08001310       0x14 ../libopencm3/lib/libopencm3_stm32f1.a(rcc.o)
                0x08001310                rcc_set_adcpre
 .text.rcc_set_ppre2
                0x08001324       0x14 ../libopencm3/lib/libopencm3_stm32f1.a(rcc.o)
                0x08001324                rcc_set_ppre2
 .text.rcc_set_ppre1
                0x08001338       0x14 ../libopencm3/lib/libopencm3_stm32f1.a(rcc.o)
                0x08001338                rcc_set_ppre1
 .text.rcc_set_hpre
                0x0800134c       0x14 ../libopencm3/lib/libopencm3_stm32f1.a(rcc.o)
                0x0800134c                rcc_set_hpre
 .text.rcc_clock_setup_in_hse_8mhz_out_72mhz
                0x08001360       0x88 ../libopencm3/lib/libopencm3_stm32f1.a(rcc.o)
                0x08001360                rcc_clock_setup_in_hse_8mhz_out_72mhz
 .text.gpio_set
                0x080013e8        0x4 ../libopencm3/lib/libopencm3_stm32f1.a(gpio_common_all.o)
                0x080013e8                gpio_set
 .text.gpio_clear
                0x080013ec        0x6 ../libopencm3/lib/libopencm3_stm32f1.a(gpio_common_all.o)
                0x080013ec                gpio_clear
 .text.rcc_periph_clock_enable
                0x080013f2       0x1a ../libopencm3/lib/libopencm3_stm32f1.a(rcc_common_all.o)
                0x080013f2                rcc_periph_clock_enable
 .text.rcc_periph_reset_pulse
                0x0800140c       0x22 ../libopencm3/lib/libopencm3_stm32f1.a(rcc_common_all.o)
                0x0800140c                rcc_periph_reset_pulse
 *fill*         0x0800142e        0x2 
 .text.flash_set_ws
                0x08001430       0x14 ../libopencm3/lib/libopencm3_stm32f1.a(flash_common_f01.o)
                0x08001430                flash_set_ws
 .text.flash_unlock
                0x08001444       0x20 ../libopencm3/lib/libopencm3_stm32f1.a(flash_common_f01.o)
                0x08001444                flash_unlock
 .text.flash_lock
                0x08001464       0x10 ../libopencm3/lib/libopencm3_stm32f1.a(flash_common_f01.o)
                0x08001464                flash_lock
 .text.flash_wait_for_last_operation
                0x08001474        0xc ../libopencm3/lib/libopencm3_stm32f1.a(flash_common_f01.o)
                0x08001474                flash_wait_for_last_operation
 .text.usbd_init
                0x08001480       0x5c ../libopencm3/lib/libopencm3_stm32f1.a(usb.o)
                0x08001480                usbd_init
 .text.usbd_register_extra_string
                0x080014dc       0x16 ../libopencm3/lib/libopencm3_stm32f1.a(usb.o)
                0x080014dc                usbd_register_extra_string
 .text.usbd_poll
                0x080014f2        0x8 ../libopencm3/lib/libopencm3_stm32f1.a(usb.o)
                0x080014f2                usbd_poll
 .text.usbd_ep_setup
                0x080014fa        0xe ../libopencm3/lib/libopencm3_stm32f1.a(usb.o)
                0x080014fa                usbd_ep_setup
 .text._usbd_reset
                0x08001508       0x32 ../libopencm3/lib/libopencm3_stm32f1.a(usb.o)
                0x08001508                _usbd_reset
 .text.usbd_ep_write_packet
                0x0800153a        0xe ../libopencm3/lib/libopencm3_stm32f1.a(usb.o)
                0x0800153a                usbd_ep_write_packet
 .text.usbd_ep_read_packet
                0x08001548        0xe ../libopencm3/lib/libopencm3_stm32f1.a(usb.o)
                0x08001548                usbd_ep_read_packet
 .text.usbd_ep_stall_set
                0x08001556        0x8 ../libopencm3/lib/libopencm3_stm32f1.a(usb.o)
                0x08001556                usbd_ep_stall_set
 .text.usbd_ep_stall_get
                0x0800155e        0x8 ../libopencm3/lib/libopencm3_stm32f1.a(usb.o)
                0x0800155e                usbd_ep_stall_get
 .text.stall_transaction
                0x08001566       0x14 ../libopencm3/lib/libopencm3_stm32f1.a(usb_control.o)
 .text.usb_control_recv_chunk
                0x0800157a       0x42 ../libopencm3/lib/libopencm3_stm32f1.a(usb_control.o)
 .text.usb_control_send_chunk
                0x080015bc       0x56 ../libopencm3/lib/libopencm3_stm32f1.a(usb_control.o)
 .text.usb_control_request_dispatch
                0x08001612       0x62 ../libopencm3/lib/libopencm3_stm32f1.a(usb_control.o)
 .text.usb_control_setup_read
                0x08001674       0x6a ../libopencm3/lib/libopencm3_stm32f1.a(usb_control.o)
 .text.usbd_register_control_callback
                0x080016de       0x2c ../libopencm3/lib/libopencm3_stm32f1.a(usb_control.o)
                0x080016de                usbd_register_control_callback
 .text._usbd_control_setup
                0x0800170a       0x5c ../libopencm3/lib/libopencm3_stm32f1.a(usb_control.o)
                0x0800170a                _usbd_control_setup
 .text._usbd_control_out
                0x08001766       0x84 ../libopencm3/lib/libopencm3_stm32f1.a(usb_control.o)
                0x08001766                _usbd_control_out
 .text._usbd_control_in
                0x080017ea       0x56 ../libopencm3/lib/libopencm3_stm32f1.a(usb_control.o)
                0x080017ea                _usbd_control_in
 .text.usb_standard_set_address
                0x08001840       0x2a ../libopencm3/lib/libopencm3_stm32f1.a(usb_standard.o)
 .text.usb_standard_set_configuration
                0x0800186a       0x92 ../libopencm3/lib/libopencm3_stm32f1.a(usb_standard.o)
 .text.usb_standard_get_configuration
                0x080018fc       0x22 ../libopencm3/lib/libopencm3_stm32f1.a(usb_standard.o)
 .text.usb_standard_set_interface
                0x0800191e       0x50 ../libopencm3/lib/libopencm3_stm32f1.a(usb_standard.o)
 .text.usb_standard_get_interface
                0x0800196e       0x34 ../libopencm3/lib/libopencm3_stm32f1.a(usb_standard.o)
 .text.usb_standard_device_get_status
                0x080019a2       0x18 ../libopencm3/lib/libopencm3_stm32f1.a(usb_standard.o)
 .text.usb_standard_endpoint_get_status
                0x080019ba       0x2a ../libopencm3/lib/libopencm3_stm32f1.a(usb_standard.o)
 .text.usb_standard_endpoint_stall
                0x080019e4       0x10 ../libopencm3/lib/libopencm3_stm32f1.a(usb_standard.o)
 .text.usb_standard_endpoint_unstall
                0x080019f4       0x10 ../libopencm3/lib/libopencm3_stm32f1.a(usb_standard.o)
 .text.usb_standard_get_descriptor
                0x08001a04      0x32a ../libopencm3/lib/libopencm3_stm32f1.a(usb_standard.o)
 .text.usb_standard_interface_get_status
                0x08001d2e       0x18 ../libopencm3/lib/libopencm3_stm32f1.a(usb_standard.o)
 .text.usbd_register_set_config_callback
                0x08001d46       0x26 ../libopencm3/lib/libopencm3_stm32f1.a(usb_standard.o)
                0x08001d46                usbd_register_set_config_callback
 .text._usbd_standard_request_device
                0x08001d6c       0x48 ../libopencm3/lib/libopencm3_stm32f1.a(usb_standard.o)
                0x08001d6c                _usbd_standard_request_device
 .text._usbd_standard_request_interface
                0x08001db4       0x30 ../libopencm3/lib/libopencm3_stm32f1.a(usb_standard.o)
                0x08001db4                _usbd_standard_request_interface
 .text._usbd_standard_request_endpoint
                0x08001de4       0x3c ../libopencm3/lib/libopencm3_stm32f1.a(usb_standard.o)
                0x08001de4                _usbd_standard_request_endpoint
 .text._usbd_standard_request
                0x08001e20       0x30 ../libopencm3/lib/libopencm3_stm32f1.a(usb_standard.o)
                0x08001e20                _usbd_standard_request
 .text.st_usbfs_v1_usbd_init
                0x08001e50       0x30 ../libopencm3/lib/libopencm3_stm32f1.a(st_usbfs_v1.o)
 .text.st_usbfs_copy_to_pm
                0x08001e80       0x18 ../libopencm3/lib/libopencm3_stm32f1.a(st_usbfs_v1.o)
                0x08001e80                st_usbfs_copy_to_pm
 .text.st_usbfs_copy_from_pm
                0x08001e98       0x2a ../libopencm3/lib/libopencm3_stm32f1.a(st_usbfs_v1.o)
                0x08001e98                st_usbfs_copy_from_pm
 .text.blocking_handler
                0x08001ec2        0x2 ../libopencm3/lib/libopencm3_stm32f1.a(vector.o)
                0x08001ec2                usart3_isr
                0x08001ec2                rtc_isr
                0x08001ec2                tim7_isr
                0x08001ec2                adc1_2_isr
                0x08001ec2                tim1_trg_com_isr
                0x08001ec2                usb_hp_can_tx_isr
                0x08001ec2                tim6_isr
                0x08001ec2                usb_wakeup_isr
                0x08001ec2                blocking_handler
                0x08001ec2                tim5_isr
                0x08001ec2                otg_fs_isr
                0x08001ec2                spi1_isr
                0x08001ec2                exti2_isr
                0x08001ec2                dma1_channel6_isr
                0x08001ec2                can_rx1_isr
                0x08001ec2                dma1_channel5_isr
                0x08001ec2                dma2_channel5_isr
                0x08001ec2                usart1_isr
                0x08001ec2                usage_fault_handler
                0x08001ec2                tim8_trg_com_isr
                0x08001ec2                can2_rx0_isr
                0x08001ec2                tim1_brk_isr
                0x08001ec2                can2_rx1_isr
                0x08001ec2                tim1_cc_isr
                0x08001ec2                sdio_isr
                0x08001ec2                eth_isr
                0x08001ec2                dma1_channel4_isr
                0x08001ec2                tim8_brk_isr
                0x08001ec2                dma2_channel4_5_isr
                0x08001ec2                pvd_isr
                0x08001ec2                rcc_isr
                0x08001ec2                flash_isr
                0x08001ec2                uart4_isr
                0x08001ec2                rtc_alarm_isr
                0x08001ec2                exti15_10_isr
                0x08001ec2                hard_fault_handler
                0x08001ec2                exti1_isr
                0x08001ec2                i2c1_ev_isr
                0x08001ec2                dma2_channel1_isr
                0x08001ec2                spi2_isr
                0x08001ec2                tim8_up_isr
                0x08001ec2                dma2_channel2_isr
                0x08001ec2                exti3_isr
                0x08001ec2                adc3_isr
                0x08001ec2                tim3_isr
                0x08001ec2                usart2_isr
                0x08001ec2                usb_lp_can_rx0_isr
                0x08001ec2                i2c2_er_isr
                0x08001ec2                i2c2_ev_isr
                0x08001ec2                uart5_isr
                0x08001ec2                fsmc_isr
                0x08001ec2                dma1_channel1_isr
                0x08001ec2                exti4_isr
                0x08001ec2                mem_manage_handler
                0x08001ec2                can2_tx_isr
                0x08001ec2                exti9_5_isr
                0x08001ec2                dma2_channel3_isr
                0x08001ec2                dma1_channel7_isr
                0x08001ec2                tim1_up_isr
                0x08001ec2                can2_sce_isr
                0x08001ec2                tim4_isr
                0x08001ec2                dma1_channel2_isr
                0x08001ec2                i2c1_er_isr
                0x08001ec2                can_sce_isr
                0x08001ec2                tim8_cc_isr
                0x08001ec2                tamper_isr
                0x08001ec2                eth_wkup_isr
                0x08001ec2                bus_fault_handler
                0x08001ec2                wwdg_isr
                0x08001ec2                dma1_channel3_isr
                0x08001ec2                spi3_isr
                0x08001ec2                tim2_isr
                0x08001ec2                exti0_isr
 .text.null_handler
                0x08001ec4        0x2 ../libopencm3/lib/libopencm3_stm32f1.a(vector.o)
                0x08001ec4                null_handler
                0x08001ec4                sv_call_handler
                0x08001ec4                pend_sv_handler
                0x08001ec4                debug_monitor_handler
                0x08001ec4                sys_tick_handler
                0x08001ec4                nmi_handler
 *fill*         0x08001ec6        0x2 
 .text.reset_handler
                0x08001ec8       0x90 ../libopencm3/lib/libopencm3_stm32f1.a(vector.o)
                0x08001ec8                reset_handler
 .text.scb_reset_system
                0x08001f58       0x10 ../libopencm3/lib/libopencm3_stm32f1.a(scb.o)
                0x08001f58                scb_reset_system
 .text.st_usbfs_set_address
                0x08001f68       0x10 ../libopencm3/lib/libopencm3_stm32f1.a(st_usbfs_core.o)
                0x08001f68                st_usbfs_set_address
 .text.st_usbfs_set_ep_rx_bufsize
                0x08001f78       0x4c ../libopencm3/lib/libopencm3_stm32f1.a(st_usbfs_core.o)
                0x08001f78                st_usbfs_set_ep_rx_bufsize
 .text.st_usbfs_ep_setup
                0x08001fc4      0x150 ../libopencm3/lib/libopencm3_stm32f1.a(st_usbfs_core.o)
                0x08001fc4                st_usbfs_ep_setup
 .text.st_usbfs_endpoints_reset
                0x08002114       0x44 ../libopencm3/lib/libopencm3_stm32f1.a(st_usbfs_core.o)
                0x08002114                st_usbfs_endpoints_reset
 .text.st_usbfs_ep_stall_set
                0x08002158       0xf0 ../libopencm3/lib/libopencm3_stm32f1.a(st_usbfs_core.o)
                0x08002158                st_usbfs_ep_stall_set
 .text.st_usbfs_ep_stall_get
                0x08002248       0x38 ../libopencm3/lib/libopencm3_stm32f1.a(st_usbfs_core.o)
                0x08002248                st_usbfs_ep_stall_get
 .text.st_usbfs_ep_nak_set
                0x08002280       0x60 ../libopencm3/lib/libopencm3_stm32f1.a(st_usbfs_core.o)
                0x08002280                st_usbfs_ep_nak_set
 .text.st_usbfs_ep_write_packet
                0x080022e0       0x98 ../libopencm3/lib/libopencm3_stm32f1.a(st_usbfs_core.o)
                0x080022e0                st_usbfs_ep_write_packet
 .text.st_usbfs_ep_read_packet
                0x08002378       0xc4 ../libopencm3/lib/libopencm3_stm32f1.a(st_usbfs_core.o)
                0x08002378                st_usbfs_ep_read_packet
 .text.st_usbfs_poll
                0x0800243c       0xfc ../libopencm3/lib/libopencm3_stm32f1.a(st_usbfs_core.o)
                0x0800243c                st_usbfs_poll
 .text          0x08002538       0x6c /usr/lib/gcc/arm-none-eabi/14.2.1/../../../arm-none-eabi/lib/thumb/v7-m/nofp/libc.a(libc_a-strncpy.o)
                0x08002538                strncpy
 .text          0x080025a4       0x5c /usr/lib/gcc/arm-none-eabi/14.2.1/../../../arm-none-eabi/lib/thumb/v7-m/nofp/libc.a(libc_a-strlen-stub.o)
                0x080025a4                strlen
 .text          0x08002600       0xa0 /usr/lib/gcc/arm-none-eabi/14.2.1/../../../arm-none-eabi/lib/thumb/v7-m/nofp/libc.a(libc_a-memset.o)
                0x08002600                memset
 .text          0x080026a0       0xfc /usr/lib/gcc/arm-none-eabi/14.2.1/../../../arm-none-eabi/lib/thumb/v7-m/nofp/libc.a(libc_a-memmove.o)
                0x080026a0                memmove
 .text          0x0800279c       0x5c /usr/lib/gcc/arm-none-eabi/14.2.1/../../../arm-none-eabi/lib/thumb/v7-m/nofp/libc.a(libc_a-memcmp.o)
                0x0800279c                memcmp
 .text          0x080027f8       0xec /usr/lib/gcc/arm-none-eabi/14.2.1/../../../arm-none-eabi/lib/thumb/v7-m/nofp/libc.a(libc_a-memcpy.o)
                0x080027f8                memcpy
                0x080028e4                        . = ALIGN (0x4)
 *(.rodata*)
 .rodata.main.str1.1
                0x080028e4       0xc9 build/BLUEPILL/dapboot.o
                                 0x21 (size before relaxing)
 .rodata.logwritenum.str1.1
                0x080029ad        0x3 build/BLUEPILL/dmesg.o
 .rodata.logwriten.str1.1
                0x080029ad       0x16 build/BLUEPILL/dmesg.o
 .rodata.codal_vdmesg.str1.1
                0x080029ad        0x8 build/BLUEPILL/dmesg.o
 .rodata.flushFlash.str1.1
                0x080029ad       0x1e build/BLUEPILL/ghostfat.o
 .rodata.write_block.str1.1
                0x080029ad       0x23 build/BLUEPILL/ghostfat.o
 .rodata.BootBlock
                0x080029ad       0x3e build/BLUEPILL/ghostfat.o
 *fill*         0x080029eb        0x1 
 .rodata.info   0x080029ec       0x30 build/BLUEPILL/ghostfat.o
 .rodata.indexFile
                0x08002a1c       0x81 build/BLUEPILL/ghostfat.o
                0x08002a1c                indexFile
 .rodata.infoUf2File
                0x08002a9d       0x6c build/BLUEPILL/ghostfat.o
                0x08002a9d                infoUf2File
 .rodata.str1.1
                0x08002b09       0x2e build/BLUEPILL/usb_conf.o
 .rodata.bos    0x08002b09        0x9 build/BLUEPILL/usb_conf.o
 .rodata.config
                0x08002b12        0xd build/BLUEPILL/usb_conf.o
 *fill*         0x08002b1f        0x1 
 .rodata.interfaces
                0x08002b20       0x20 build/BLUEPILL/usb_conf.o
 .rodata.msc_iface
                0x08002b40       0x15 build/BLUEPILL/usb_conf.o
 .rodata.msc_endp
                0x08002b55       0x1e build/BLUEPILL/usb_conf.o
 .rodata.dfu_iface
                0x08002b73       0x15 build/BLUEPILL/usb_conf.o
 .rodata.dev    0x08002b88       0x12 build/BLUEPILL/usb_conf.o
 .rodata        0x08002b9a       0x36 build/BLUEPILL/usb_msc.o
 .rodata.webusb_platform
                0x08002bd0       0x18 build/BLUEPILL/webusb.o
                0x08002bd0                webusb_platform
 .rodata.winusb_setup.str1.1
                0x08002be8        0x9 build/BLUEPILL/winusb.o
 .rodata.winusb_wcid
                0x08002be8       0x28 build/BLUEPILL/winusb.o
 .rodata.desig_get_unique_id_as_string.str1.1
                0x08002c10       0x11 ../libopencm3/lib/libopencm3_stm32f1.a(desig.o)
 .rodata.st_usbfs_v1_usb_driver
                0x08002c10       0x34 ../libopencm3/lib/libopencm3_stm32f1.a(st_usbfs_v1.o)
                0x08002c10                st_usbfs_v1_usb_driver
                0x08002c44                        . = ALIGN (0x4)

.glue_7         0x08002c44        0x0
 .glue_7        0x08002c44        0x0 linker stubs

.glue_7t        0x08002c44        0x0
 .glue_7t       0x08002c44        0x0 linker stubs

.vfp11_veneer   0x08002c44        0x0
 .vfp11_veneer  0x08002c44        0x0 linker stubs

.v4_bx          0x08002c44        0x0
 .v4_bx         0x08002c44        0x0 linker stubs

.iplt           0x08002c44        0x0
 .iplt          0x08002c44        0x0 build/BLUEPILL/./stm32f103/target_stm32f103.o

.preinit_array  0x08002c44        0x0
                0x08002c44                        . = ALIGN (0x4)
                0x08002c44                        __preinit_array_start = .
 *(.preinit_array)
                0x08002c44                        __preinit_array_end = .

.init_array     0x08002c44        0x0
                0x08002c44                        . = ALIGN (0x4)
                0x08002c44                        __init_array_start = .
 *(SORT_BY_NAME(.init_array.*))
 *(.init_array)
                0x08002c44                        __init_array_end = .

.fini_array     0x08002c44        0x0
                0x08002c44                        . = ALIGN (0x4)
                0x08002c44                        __fini_array_start = .
 *(.fini_array)
 *(SORT_BY_NAME(.fini_array.*))
                0x08002c44                        __fini_array_end = .

.ARM.extab
 *(.ARM.extab*)

.ARM.exidx      0x08002c44        0x8
                0x08002c44                        __exidx_start = .
 *(.ARM.exidx*)
 .ARM.exidx     0x08002c44        0x8 /usr/lib/gcc/arm-none-eabi/14.2.1/../../../arm-none-eabi/lib/thumb/v7-m/nofp/libc.a(libc_a-memcpy.o)
                0x08002c4c                        __exidx_end = .

.rel.dyn        0x08002c4c        0x0
 .rel.iplt      0x08002c4c        0x0 build/BLUEPILL/./stm32f103/target_stm32f103.o
                0x08002c4c                        . = ALIGN (0x4)
                0x08002c4c                        _etext = .

.data           0x20000000       0x28 load address 0x08002c4c
                0x20000000                        _data = .
 *(.data*)
 .data.firstFlush
                0x20000000        0x1 build/BLUEPILL/ghostfat.o
 *fill*         0x20000001        0x3 
 .data.flashAddr
                0x20000004        0x4 build/BLUEPILL/ghostfat.o
 .data.usb_strings
                0x20000008       0x10 build/BLUEPILL/usb_conf.o
 .data.capabilities
                0x20000018        0x4 build/BLUEPILL/usb_conf.o
 .data.rcc_ahb_frequency
                0x2000001c        0x4 ../libopencm3/lib/libopencm3_stm32f1.a(rcc.o)
                0x2000001c                rcc_ahb_frequency
 .data.rcc_apb2_frequency
                0x20000020        0x4 ../libopencm3/lib/libopencm3_stm32f1.a(rcc.o)
                0x20000020                rcc_apb2_frequency
 .data.rcc_apb1_frequency
                0x20000024        0x4 ../libopencm3/lib/libopencm3_stm32f1.a(rcc.o)
                0x20000024                rcc_apb1_frequency
                0x20000028                        . = ALIGN (0x4)
                0x20000028                        _edata = .
                0x08002c4c                        _data_loadaddr = LOADADDR (.data)

.igot.plt       0x20000028        0x0 load address 0x08002c74
 .igot.plt      0x20000028        0x0 build/BLUEPILL/./stm32f103/target_stm32f103.o

.bss            0x20000028     0x1018 load address 0x08002c74
 *(.bss*)
 .bss.erase_start.0
                0x20000028        0x4 build/BLUEPILL/./stm32f103/target_stm32f103.o
 .bss.erase_end.1
                0x2000002c        0x4 build/BLUEPILL/./stm32f103/target_stm32f103.o
 .bss.msTimer   0x20000030        0x4 build/BLUEPILL/dapboot.o
                0x20000030                msTimer
 .bss.codalLogStore
                0x20000034      0x404 build/BLUEPILL/dmesg.o
                0x20000034                codalLogStore
 .bss.wrState   0x20000438       0x58 build/BLUEPILL/ghostfat.o
                0x20000438                wrState
 .bss.lastFlush
                0x20000490        0x4 build/BLUEPILL/ghostfat.o
 .bss.resetTime
                0x20000494        0x4 build/BLUEPILL/ghostfat.o
 .bss.ms        0x20000498        0x4 build/BLUEPILL/ghostfat.o
 .bss.flashBuf  0x2000049c      0x400 build/BLUEPILL/ghostfat.o
 .bss.usbd_control_buffer
                0x2000089c      0x400 build/BLUEPILL/usb_conf.o
 .bss.serial_number
                0x20000c9c       0x19 build/BLUEPILL/usb_conf.o
 *fill*         0x20000cb5        0x3 
 .bss.msc_started
                0x20000cb8        0x4 build/BLUEPILL/usb_msc.o
                0x20000cb8                msc_started
 .bss._mass_storage
                0x20000cbc      0x274 build/BLUEPILL/usb_msc.o
 .bss.st_usbfs_dev
                0x20000f30      0x108 ../libopencm3/lib/libopencm3_stm32f1.a(st_usbfs_core.o)
                0x20000f30                st_usbfs_dev
 .bss.st_usbfs_force_nak
                0x20001038        0x8 ../libopencm3/lib/libopencm3_stm32f1.a(st_usbfs_core.o)
                0x20001038                st_usbfs_force_nak
 *(COMMON)
                0x20001040                        . = ALIGN (0x4)
                0x20001040                        _ebss = .

/DISCARD/
 *(.eh_frame)
                0x20001040                        . = ALIGN (0x4)
                0x20001040                        end = .
                0x20005000                        PROVIDE (_stack = (ORIGIN (ram) + LENGTH (ram)))
OUTPUT(build/BLUEPILL/uf2boot.elf elf32-littlearm)
LOAD linker stubs

.debug_info     0x00000000     0xd582
 .debug_info    0x00000000      0x108 build/BLUEPILL/./stm32f103/backup.o
 .debug_info    0x00000108      0xa30 build/BLUEPILL/./stm32f103/target_stm32f103.o
 .debug_info    0x00000b38      0x594 build/BLUEPILL/dapboot.o
 .debug_info    0x000010cc      0x6ee build/BLUEPILL/dmesg.o
 .debug_info    0x000017ba      0x11d build/BLUEPILL/dummy.o
 .debug_info    0x000018d7      0xcab build/BLUEPILL/ghostfat.o
 .debug_info    0x00002582      0x7df build/BLUEPILL/usb_conf.o
 .debug_info    0x00002d61     0x1ebe build/BLUEPILL/usb_msc.o
 .debug_info    0x00004c1f      0x11f build/BLUEPILL/webusb.o
 .debug_info    0x00004d3e      0x52b build/BLUEPILL/winusb.o
 .debug_info    0x00005269      0x1a8 ../libopencm3/lib/libopencm3_stm32f1.a(desig.o)
 .debug_info    0x00005411      0x2da ../libopencm3/lib/libopencm3_stm32f1.a(flash.o)
 .debug_info    0x000056eb      0x1d6 ../libopencm3/lib/libopencm3_stm32f1.a(gpio.o)
 .debug_info    0x000058c1     0x1072 ../libopencm3/lib/libopencm3_stm32f1.a(rcc.o)
 .debug_info    0x00006933      0x23a ../libopencm3/lib/libopencm3_stm32f1.a(gpio_common_all.o)
 .debug_info    0x00006b6d      0x51f ../libopencm3/lib/libopencm3_stm32f1.a(rcc_common_all.o)
 .debug_info    0x0000708c      0x27b ../libopencm3/lib/libopencm3_stm32f1.a(flash_common_f01.o)
 .debug_info    0x00007307     0x10a6 ../libopencm3/lib/libopencm3_stm32f1.a(usb.o)
 .debug_info    0x000083ad     0x10dd ../libopencm3/lib/libopencm3_stm32f1.a(usb_control.o)
 .debug_info    0x0000948a     0x182b ../libopencm3/lib/libopencm3_stm32f1.a(usb_standard.o)
 .debug_info    0x0000acb5      0xe41 ../libopencm3/lib/libopencm3_stm32f1.a(st_usbfs_v1.o)
 .debug_info    0x0000baf6      0x2a1 ../libopencm3/lib/libopencm3_stm32f1.a(vector.o)
 .debug_info    0x0000bd97       0xd6 ../libopencm3/lib/libopencm3_stm32f1.a(scb.o)
 .debug_info    0x0000be6d     0x1133 ../libopencm3/lib/libopencm3_stm32f1.a(st_usbfs_core.o)
 .debug_info    0x0000cfa0      0x14a /usr/lib/gcc/arm-none-eabi/14.2.1/../../../arm-none-eabi/lib/thumb/v7-m/nofp/libc.a(libc_a-strncpy.o)
 .debug_info    0x0000d0ea       0xbd /usr/lib/gcc/arm-none-eabi/14.2.1/../../../arm-none-eabi/lib/thumb/v7-m/nofp/libc.a(libc_a-strlen-stub.o)
 .debug_info    0x0000d1a7      0x135 /usr/lib/gcc/arm-none-eabi/14.2.1/../../../arm-none-eabi/lib/thumb/v7-m/nofp/libc.a(libc_a-memset.o)
 .debug_info    0x0000d2dc      0x148 /usr/lib/gcc/arm-none-eabi/14.2.1/../../../arm-none-eabi/lib/thumb/v7-m/nofp/libc.a(libc_a-memmove.o)
 .debug_info    0x0000d424      0x12b /usr/lib/gcc/arm-none-eabi/14.2.1/../../../arm-none-eabi/lib/thumb/v7-m/nofp/libc.a(libc_a-memcmp.o)
 .debug_info    0x0000d54f       0x33 /usr/lib/gcc/arm-none-eabi/14.2.1/../../../arm-none-eabi/lib/thumb/v7-m/nofp/libc.a(libc_a-memcpy.o)

.debug_abbrev   0x00000000     0x36de
 .debug_abbrev  0x00000000       0xc3 build/BLUEPILL/./stm32f103/backup.o
 .debug_abbrev  0x000000c3      0x33a build/BLUEPILL/./stm32f103/target_stm32f103.o
 .debug_abbrev  0x000003fd      0x241 build/BLUEPILL/dapboot.o
 .debug_abbrev  0x0000063e      0x305 build/BLUEPILL/dmesg.o
 .debug_abbrev  0x00000943       0xdc build/BLUEPILL/dummy.o
 .debug_abbrev  0x00000a1f      0x432 build/BLUEPILL/ghostfat.o
 .debug_abbrev  0x00000e51      0x1c2 build/BLUEPILL/usb_conf.o
 .debug_abbrev  0x00001013      0x4f0 build/BLUEPILL/usb_msc.o
 .debug_abbrev  0x00001503       0x94 build/BLUEPILL/webusb.o
 .debug_abbrev  0x00001597      0x206 build/BLUEPILL/winusb.o
 .debug_abbrev  0x0000179d       0xfa ../libopencm3/lib/libopencm3_stm32f1.a(desig.o)
 .debug_abbrev  0x00001897      0x164 ../libopencm3/lib/libopencm3_stm32f1.a(flash.o)
 .debug_abbrev  0x000019fb       0xd4 ../libopencm3/lib/libopencm3_stm32f1.a(gpio.o)
 .debug_abbrev  0x00001acf      0x298 ../libopencm3/lib/libopencm3_stm32f1.a(rcc.o)
 .debug_abbrev  0x00001d67      0x117 ../libopencm3/lib/libopencm3_stm32f1.a(gpio_common_all.o)
 .debug_abbrev  0x00001e7e      0x13a ../libopencm3/lib/libopencm3_stm32f1.a(rcc_common_all.o)
 .debug_abbrev  0x00001fb8       0xf5 ../libopencm3/lib/libopencm3_stm32f1.a(flash_common_f01.o)
 .debug_abbrev  0x000020ad      0x290 ../libopencm3/lib/libopencm3_stm32f1.a(usb.o)
 .debug_abbrev  0x0000233d      0x3d2 ../libopencm3/lib/libopencm3_stm32f1.a(usb_control.o)
 .debug_abbrev  0x0000270f      0x4c6 ../libopencm3/lib/libopencm3_stm32f1.a(usb_standard.o)
 .debug_abbrev  0x00002bd5      0x27d ../libopencm3/lib/libopencm3_stm32f1.a(st_usbfs_v1.o)
 .debug_abbrev  0x00002e52      0x14c ../libopencm3/lib/libopencm3_stm32f1.a(vector.o)
 .debug_abbrev  0x00002f9e       0x88 ../libopencm3/lib/libopencm3_stm32f1.a(scb.o)
 .debug_abbrev  0x00003026      0x350 ../libopencm3/lib/libopencm3_stm32f1.a(st_usbfs_core.o)
 .debug_abbrev  0x00003376       0xbe /usr/lib/gcc/arm-none-eabi/14.2.1/../../../arm-none-eabi/lib/thumb/v7-m/nofp/libc.a(libc_a-strncpy.o)
 .debug_abbrev  0x00003434       0x78 /usr/lib/gcc/arm-none-eabi/14.2.1/../../../arm-none-eabi/lib/thumb/v7-m/nofp/libc.a(libc_a-strlen-stub.o)
 .debug_abbrev  0x000034ac       0xb7 /usr/lib/gcc/arm-none-eabi/14.2.1/../../../arm-none-eabi/lib/thumb/v7-m/nofp/libc.a(libc_a-memset.o)
 .debug_abbrev  0x00003563       0xc3 /usr/lib/gcc/arm-none-eabi/14.2.1/../../../arm-none-eabi/lib/thumb/v7-m/nofp/libc.a(libc_a-memmove.o)
 .debug_abbrev  0x00003626       0x90 /usr/lib/gcc/arm-none-eabi/14.2.1/../../../arm-none-eabi/lib/thumb/v7-m/nofp/libc.a(libc_a-memcmp.o)
 .debug_abbrev  0x000036b6       0x28 /usr/lib/gcc/arm-none-eabi/14.2.1/../../../arm-none-eabi/lib/thumb/v7-m/nofp/libc.a(libc_a-memcpy.o)

.debug_loclists
                0x00000000     0x453c
 .debug_loclists
                0x00000000       0x29 build/BLUEPILL/./stm32f103/backup.o
 .debug_loclists
                0x00000029      0x178 build/BLUEPILL/./stm32f103/target_stm32f103.o
 .debug_loclists
                0x000001a1       0xcf build/BLUEPILL/dapboot.o
 .debug_loclists
                0x00000270      0x46f build/BLUEPILL/dmesg.o
 .debug_loclists
                0x000006df      0x4dd build/BLUEPILL/ghostfat.o
 .debug_loclists
                0x00000bbc       0x46 build/BLUEPILL/usb_conf.o
 .debug_loclists
                0x00000c02      0xa6e build/BLUEPILL/usb_msc.o
 .debug_loclists
                0x00001670      0x158 build/BLUEPILL/winusb.o
 .debug_loclists
                0x000017c8       0xb0 ../libopencm3/lib/libopencm3_stm32f1.a(desig.o)
 .debug_loclists
                0x00001878       0x72 ../libopencm3/lib/libopencm3_stm32f1.a(flash.o)
 .debug_loclists
                0x000018ea      0x100 ../libopencm3/lib/libopencm3_stm32f1.a(gpio.o)
 .debug_loclists
                0x000019ea      0x199 ../libopencm3/lib/libopencm3_stm32f1.a(rcc.o)
 .debug_loclists
                0x00001b83       0x96 ../libopencm3/lib/libopencm3_stm32f1.a(gpio_common_all.o)
 .debug_loclists
                0x00001c19       0x63 ../libopencm3/lib/libopencm3_stm32f1.a(rcc_common_all.o)
 .debug_loclists
                0x00001c7c       0xa5 ../libopencm3/lib/libopencm3_stm32f1.a(flash_common_f01.o)
 .debug_loclists
                0x00001d21      0x3e8 ../libopencm3/lib/libopencm3_stm32f1.a(usb.o)
 .debug_loclists
                0x00002109      0x522 ../libopencm3/lib/libopencm3_stm32f1.a(usb_control.o)
 .debug_loclists
                0x0000262b      0xfb6 ../libopencm3/lib/libopencm3_stm32f1.a(usb_standard.o)
 .debug_loclists
                0x000035e1      0x13d ../libopencm3/lib/libopencm3_stm32f1.a(st_usbfs_v1.o)
 .debug_loclists
                0x0000371e       0xa8 ../libopencm3/lib/libopencm3_stm32f1.a(vector.o)
 .debug_loclists
                0x000037c6       0x29 ../libopencm3/lib/libopencm3_stm32f1.a(scb.o)
 .debug_loclists
                0x000037ef      0x765 ../libopencm3/lib/libopencm3_stm32f1.a(st_usbfs_core.o)
 .debug_loclists
                0x00003f54       0xf7 /usr/lib/gcc/arm-none-eabi/14.2.1/../../../arm-none-eabi/lib/thumb/v7-m/nofp/libc.a(libc_a-strncpy.o)
 .debug_loclists
                0x0000404b       0x29 /usr/lib/gcc/arm-none-eabi/14.2.1/../../../arm-none-eabi/lib/thumb/v7-m/nofp/libc.a(libc_a-strlen-stub.o)
 .debug_loclists
                0x00004074      0x1d7 /usr/lib/gcc/arm-none-eabi/14.2.1/../../../arm-none-eabi/lib/thumb/v7-m/nofp/libc.a(libc_a-memset.o)
 .debug_loclists
                0x0000424b      0x21b /usr/lib/gcc/arm-none-eabi/14.2.1/../../../arm-none-eabi/lib/thumb/v7-m/nofp/libc.a(libc_a-memmove.o)
 .debug_loclists
                0x00004466       0xd6 /usr/lib/gcc/arm-none-eabi/14.2.1/../../../arm-none-eabi/lib/thumb/v7-m/nofp/libc.a(libc_a-memcmp.o)

.debug_aranges  0x00000000      0x908
 .debug_aranges
                0x00000000       0x28 build/BLUEPILL/./stm32f103/backup.o
 .debug_aranges
                0x00000028       0x80 build/BLUEPILL/./stm32f103/target_stm32f103.o
 .debug_aranges
                0x000000a8       0x30 build/BLUEPILL/dapboot.o
 .debug_aranges
                0x000000d8       0x40 build/BLUEPILL/dmesg.o
 .debug_aranges
                0x00000118       0x38 build/BLUEPILL/dummy.o
 .debug_aranges
                0x00000150       0x38 build/BLUEPILL/ghostfat.o
 .debug_aranges
                0x00000188       0x28 build/BLUEPILL/usb_conf.o
 .debug_aranges
                0x000001b0       0x48 build/BLUEPILL/usb_msc.o
 .debug_aranges
                0x000001f8       0x18 build/BLUEPILL/webusb.o
 .debug_aranges
                0x00000210       0x30 build/BLUEPILL/winusb.o
 .debug_aranges
                0x00000240       0x30 ../libopencm3/lib/libopencm3_stm32f1.a(desig.o)
 .debug_aranges
                0x00000270       0x80 ../libopencm3/lib/libopencm3_stm32f1.a(flash.o)
 .debug_aranges
                0x000002f0       0x38 ../libopencm3/lib/libopencm3_stm32f1.a(gpio.o)
 .debug_aranges
                0x00000328      0x158 ../libopencm3/lib/libopencm3_stm32f1.a(rcc.o)
 .debug_aranges
                0x00000480       0x50 ../libopencm3/lib/libopencm3_stm32f1.a(gpio_common_all.o)
 .debug_aranges
                0x000004d0       0x68 ../libopencm3/lib/libopencm3_stm32f1.a(rcc_common_all.o)
 .debug_aranges
                0x00000538       0x88 ../libopencm3/lib/libopencm3_stm32f1.a(flash_common_f01.o)
 .debug_aranges
                0x000005c0       0x90 ../libopencm3/lib/libopencm3_stm32f1.a(usb.o)
 .debug_aranges
                0x00000650       0x60 ../libopencm3/lib/libopencm3_stm32f1.a(usb_control.o)
 .debug_aranges
                0x000006b0       0xa0 ../libopencm3/lib/libopencm3_stm32f1.a(usb_standard.o)
 .debug_aranges
                0x00000750       0x30 ../libopencm3/lib/libopencm3_stm32f1.a(st_usbfs_v1.o)
 .debug_aranges
                0x00000780       0x30 ../libopencm3/lib/libopencm3_stm32f1.a(vector.o)
 .debug_aranges
                0x000007b0       0x30 ../libopencm3/lib/libopencm3_stm32f1.a(scb.o)
 .debug_aranges
                0x000007e0       0x68 ../libopencm3/lib/libopencm3_stm32f1.a(st_usbfs_core.o)
 .debug_aranges
                0x00000848       0x20 /usr/lib/gcc/arm-none-eabi/14.2.1/../../../arm-none-eabi/lib/thumb/v7-m/nofp/libc.a(libc_a-strncpy.o)
 .debug_aranges
                0x00000868       0x20 /usr/lib/gcc/arm-none-eabi/14.2.1/../../../arm-none-eabi/lib/thumb/v7-m/nofp/libc.a(libc_a-strlen-stub.o)
 .debug_aranges
                0x00000888       0x20 /usr/lib/gcc/arm-none-eabi/14.2.1/../../../arm-none-eabi/lib/thumb/v7-m/nofp/libc.a(libc_a-memset.o)
 .debug_aranges
                0x000008a8       0x20 /usr/lib/gcc/arm-none-eabi/14.2.1/../../../arm-none-eabi/lib/thumb/v7-m/nofp/libc.a(libc_a-memmove.o)
 .debug_aranges
                0x000008c8       0x20 /usr/lib/gcc/arm-none-eabi/14.2.1/../../../arm-none-eabi/lib/thumb/v7-m/nofp/libc.a(libc_a-memcmp.o)
 .debug_aranges
                0x000008e8       0x20 /usr/lib/gcc/arm-none-eabi/14.2.1/../../../arm-none-eabi/lib/thumb/v7-m/nofp/libc.a(libc_a-memcpy.o)

.debug_rnglists
                0x00000000      0x829
 .debug_rnglists
                0x00000000       0x19 build/BLUEPILL/./stm32f103/backup.o
 .debug_rnglists
                0x00000019       0x5b build/BLUEPILL/./stm32f103/target_stm32f103.o
 .debug_rnglists
                0x00000074       0x2c build/BLUEPILL/dapboot.o
 .debug_rnglists
                0x000000a0       0x61 build/BLUEPILL/dmesg.o
 .debug_rnglists
                0x00000101       0x25 build/BLUEPILL/dummy.o
 .debug_rnglists
                0x00000126       0x91 build/BLUEPILL/ghostfat.o
 .debug_rnglists
                0x000001b7       0x19 build/BLUEPILL/usb_conf.o
 .debug_rnglists
                0x000001d0       0xb2 build/BLUEPILL/usb_msc.o
 .debug_rnglists
                0x00000282       0x2b build/BLUEPILL/winusb.o
 .debug_rnglists
                0x000002ad       0x1f ../libopencm3/lib/libopencm3_stm32f1.a(desig.o)
 .debug_rnglists
                0x000002cc       0x5c ../libopencm3/lib/libopencm3_stm32f1.a(flash.o)
 .debug_rnglists
                0x00000328       0x25 ../libopencm3/lib/libopencm3_stm32f1.a(gpio.o)
 .debug_rnglists
                0x0000034d      0x132 ../libopencm3/lib/libopencm3_stm32f1.a(rcc.o)
 .debug_rnglists
                0x0000047f       0x37 ../libopencm3/lib/libopencm3_stm32f1.a(gpio_common_all.o)
 .debug_rnglists
                0x000004b6       0x49 ../libopencm3/lib/libopencm3_stm32f1.a(rcc_common_all.o)
 .debug_rnglists
                0x000004ff       0x61 ../libopencm3/lib/libopencm3_stm32f1.a(flash_common_f01.o)
 .debug_rnglists
                0x00000560       0x67 ../libopencm3/lib/libopencm3_stm32f1.a(usb.o)
 .debug_rnglists
                0x000005c7       0x5f ../libopencm3/lib/libopencm3_stm32f1.a(usb_control.o)
 .debug_rnglists
                0x00000626       0xcd ../libopencm3/lib/libopencm3_stm32f1.a(usb_standard.o)
 .debug_rnglists
                0x000006f3       0x1f ../libopencm3/lib/libopencm3_stm32f1.a(st_usbfs_v1.o)
 .debug_rnglists
                0x00000712       0x20 ../libopencm3/lib/libopencm3_stm32f1.a(vector.o)
 .debug_rnglists
                0x00000732       0x1f ../libopencm3/lib/libopencm3_stm32f1.a(scb.o)
 .debug_rnglists
                0x00000751       0xc5 ../libopencm3/lib/libopencm3_stm32f1.a(st_usbfs_core.o)
 .debug_rnglists
                0x00000816       0x13 /usr/lib/gcc/arm-none-eabi/14.2.1/../../../arm-none-eabi/lib/thumb/v7-m/nofp/libc.a(libc_a-strlen-stub.o)

.debug_line     0x00000000     0x6ca7
 .debug_line    0x00000000       0xb5 build/BLUEPILL/./stm32f103/backup.o
 .debug_line    0x000000b5      0x456 build/BLUEPILL/./stm32f103/target_stm32f103.o
 .debug_line    0x0000050b      0x265 build/BLUEPILL/dapboot.o
 .debug_line    0x00000770      0x3cd build/BLUEPILL/dmesg.o
 .debug_line    0x00000b3d       0xf5 build/BLUEPILL/dummy.o
 .debug_line    0x00000c32      0x5cb build/BLUEPILL/ghostfat.o
 .debug_line    0x000011fd      0x14b build/BLUEPILL/usb_conf.o
 .debug_line    0x00001348      0x91f build/BLUEPILL/usb_msc.o
 .debug_line    0x00001c67       0x7c build/BLUEPILL/webusb.o
 .debug_line    0x00001ce3      0x150 build/BLUEPILL/winusb.o
 .debug_line    0x00001e33      0x1ee ../libopencm3/lib/libopencm3_stm32f1.a(desig.o)
 .debug_line    0x00002021      0x459 ../libopencm3/lib/libopencm3_stm32f1.a(flash.o)
 .debug_line    0x0000247a      0x2c2 ../libopencm3/lib/libopencm3_stm32f1.a(gpio.o)
 .debug_line    0x0000273c      0xb7b ../libopencm3/lib/libopencm3_stm32f1.a(rcc.o)
 .debug_line    0x000032b7      0x27b ../libopencm3/lib/libopencm3_stm32f1.a(gpio_common_all.o)
 .debug_line    0x00003532      0x28a ../libopencm3/lib/libopencm3_stm32f1.a(rcc_common_all.o)
 .debug_line    0x000037bc      0x38f ../libopencm3/lib/libopencm3_stm32f1.a(flash_common_f01.o)
 .debug_line    0x00003b4b      0x4af ../libopencm3/lib/libopencm3_stm32f1.a(usb.o)
 .debug_line    0x00003ffa      0x681 ../libopencm3/lib/libopencm3_stm32f1.a(usb_control.o)
 .debug_line    0x0000467b      0xd4b ../libopencm3/lib/libopencm3_stm32f1.a(usb_standard.o)
 .debug_line    0x000053c6      0x2e7 ../libopencm3/lib/libopencm3_stm32f1.a(st_usbfs_v1.o)
 .debug_line    0x000056ad      0x28c ../libopencm3/lib/libopencm3_stm32f1.a(vector.o)
 .debug_line    0x00005939      0x22d ../libopencm3/lib/libopencm3_stm32f1.a(scb.o)
 .debug_line    0x00005b66      0x8c0 ../libopencm3/lib/libopencm3_stm32f1.a(st_usbfs_core.o)
 .debug_line    0x00006426      0x188 /usr/lib/gcc/arm-none-eabi/14.2.1/../../../arm-none-eabi/lib/thumb/v7-m/nofp/libc.a(libc_a-strncpy.o)
 .debug_line    0x000065ae       0xf8 /usr/lib/gcc/arm-none-eabi/14.2.1/../../../arm-none-eabi/lib/thumb/v7-m/nofp/libc.a(libc_a-strlen-stub.o)
 .debug_line    0x000066a6      0x1b5 /usr/lib/gcc/arm-none-eabi/14.2.1/../../../arm-none-eabi/lib/thumb/v7-m/nofp/libc.a(libc_a-memset.o)
 .debug_line    0x0000685b      0x211 /usr/lib/gcc/arm-none-eabi/14.2.1/../../../arm-none-eabi/lib/thumb/v7-m/nofp/libc.a(libc_a-memmove.o)
 .debug_line    0x00006a6c      0x17e /usr/lib/gcc/arm-none-eabi/14.2.1/../../../arm-none-eabi/lib/thumb/v7-m/nofp/libc.a(libc_a-memcmp.o)
 .debug_line    0x00006bea       0xbd /usr/lib/gcc/arm-none-eabi/14.2.1/../../../arm-none-eabi/lib/thumb/v7-m/nofp/libc.a(libc_a-memcpy.o)

.debug_str      0x00000000    0x14f25
 .debug_str     0x00000000    0x14f25 build/BLUEPILL/./stm32f103/backup.o
                                0x1a8 (size before relaxing)
 .debug_str     0x00014f25      0x8c0 build/BLUEPILL/./stm32f103/target_stm32f103.o
 .debug_str     0x00014f25      0x410 build/BLUEPILL/dapboot.o
 .debug_str     0x00014f25      0x29f build/BLUEPILL/dmesg.o
 .debug_str     0x00014f25      0x1cb build/BLUEPILL/dummy.o
 .debug_str     0x00014f25      0x5ba build/BLUEPILL/ghostfat.o
 .debug_str     0x00014f25      0x614 build/BLUEPILL/usb_conf.o
 .debug_str     0x00014f25     0x1056 build/BLUEPILL/usb_msc.o
 .debug_str     0x00014f25      0x1fd build/BLUEPILL/webusb.o
 .debug_str     0x00014f25      0x3db build/BLUEPILL/winusb.o
 .debug_str     0x00014f25     0x4a38 ../libopencm3/lib/libopencm3_stm32f1.a(desig.o)
 .debug_str     0x00014f25     0x52c5 ../libopencm3/lib/libopencm3_stm32f1.a(flash.o)
 .debug_str     0x00014f25     0x8187 ../libopencm3/lib/libopencm3_stm32f1.a(gpio.o)
 .debug_str     0x00014f25     0x79dc ../libopencm3/lib/libopencm3_stm32f1.a(rcc.o)
 .debug_str     0x00014f25     0x8185 ../libopencm3/lib/libopencm3_stm32f1.a(gpio_common_all.o)
 .debug_str     0x00014f25     0x72a2 ../libopencm3/lib/libopencm3_stm32f1.a(rcc_common_all.o)
 .debug_str     0x00014f25     0x5238 ../libopencm3/lib/libopencm3_stm32f1.a(flash_common_f01.o)
 .debug_str     0x00014f25     0x7fc2 ../libopencm3/lib/libopencm3_stm32f1.a(usb.o)
 .debug_str     0x00014f25     0x8016 ../libopencm3/lib/libopencm3_stm32f1.a(usb_control.o)
 .debug_str     0x00014f25     0x8146 ../libopencm3/lib/libopencm3_stm32f1.a(usb_standard.o)
 .debug_str     0x00014f25     0x96f2 ../libopencm3/lib/libopencm3_stm32f1.a(st_usbfs_v1.o)
 .debug_str     0x00014f25     0x62e5 ../libopencm3/lib/libopencm3_stm32f1.a(vector.o)
 .debug_str     0x00014f25     0x817d ../libopencm3/lib/libopencm3_stm32f1.a(scb.o)
 .debug_str     0x00014f25     0x9549 ../libopencm3/lib/libopencm3_stm32f1.a(st_usbfs_core.o)
 .debug_str     0x00014f25      0x1ba /usr/lib/gcc/arm-none-eabi/14.2.1/../../../arm-none-eabi/lib/thumb/v7-m/nofp/libc.a(libc_a-strncpy.o)
 .debug_str     0x00014f25      0x19a /usr/lib/gcc/arm-none-eabi/14.2.1/../../../arm-none-eabi/lib/thumb/v7-m/nofp/libc.a(libc_a-strlen-stub.o)
 .debug_str     0x00014f25      0x1a4 /usr/lib/gcc/arm-none-eabi/14.2.1/../../../arm-none-eabi/lib/thumb/v7-m/nofp/libc.a(libc_a-memset.o)
 .debug_str     0x00014f25      0x1c3 /usr/lib/gcc/arm-none-eabi/14.2.1/../../../arm-none-eabi/lib/thumb/v7-m/nofp/libc.a(libc_a-memmove.o)
 .debug_str     0x00014f25      0x190 /usr/lib/gcc/arm-none-eabi/14.2.1/../../../arm-none-eabi/lib/thumb/v7-m/nofp/libc.a(libc_a-memcmp.o)
 .debug_str     0x00014f25       0xaa /usr/lib/gcc/arm-none-eabi/14.2.1/../../../arm-none-eabi/lib/thumb/v7-m/nofp/libc.a(libc_a-memcpy.o)

.comment        0x00000000       0x4c
 .comment       0x00000000       0x4c build/BLUEPILL/./stm32f103/backup.o
                                 0x27 (size before relaxing)
 .comment       0x0000004c       0x27 build/BLUEPILL/./stm32f103/target_stm32f103.o
 .comment       0x0000004c       0x27 build/BLUEPILL/dapboot.o
 .comment       0x0000004c       0x27 build/BLUEPILL/dmesg.o
 .comment       0x0000004c       0x27 build/BLUEPILL/dummy.o
 .comment       0x0000004c       0x27 build/BLUEPILL/ghostfat.o
 .comment       0x0000004c       0x27 build/BLUEPILL/usb_conf.o
 .comment       0x0000004c       0x27 build/BLUEPILL/usb_msc.o
 .comment       0x0000004c       0x27 build/BLUEPILL/webusb.o
 .comment       0x0000004c       0x27 build/BLUEPILL/winusb.o
 .comment       0x0000004c       0x27 ../libopencm3/lib/libopencm3_stm32f1.a(desig.o)
 .comment       0x0000004c       0x27 ../libopencm3/lib/libopencm3_stm32f1.a(flash.o)
 .comment       0x0000004c       0x27 ../libopencm3/lib/libopencm3_stm32f1.a(gpio.o)
 .comment       0x0000004c       0x27 ../libopencm3/lib/libopencm3_stm32f1.a(rcc.o)
 .comment       0x0000004c       0x27 ../libopencm3/lib/libopencm3_stm32f1.a(gpio_common_all.o)
 .comment       0x0000004c       0x27 ../libopencm3/lib/libopencm3_stm32f1.a(rcc_common_all.o)
 .comment       0x0000004c       0x27 ../libopencm3/lib/libopencm3_stm32f1.a(flash_common_f01.o)
 .comment       0x0000004c       0x27 ../libopencm3/lib/libopencm3_stm32f1.a(usb.o)
 .comment       0x0000004c       0x27 ../libopencm3/lib/libopencm3_stm32f1.a(usb_control.o)
 .comment       0x0000004c       0x27 ../libopencm3/lib/libopencm3_stm32f1.a(usb_standard.o)
 .comment       0x0000004c       0x27 ../libopencm3/lib/libopencm3_stm32f1.a(st_usbfs_v1.o)
 .comment       0x0000004c       0x27 ../libopencm3/lib/libopencm3_stm32f1.a(vector.o)
 .comment       0x0000004c       0x27 ../libopencm3/lib/libopencm3_stm32f1.a(scb.o)
 .comment       0x0000004c       0x27 ../libopencm3/lib/libopencm3_stm32f1.a(st_usbfs_core.o)
 .comment       0x0000004c       0x27 /usr/lib/gcc/arm-none-eabi/14.2.1/../../../arm-none-eabi/lib/thumb/v7-m/nofp/libc.a(libc_a-strncpy.o)
 .comment       0x0000004c       0x27 /usr/lib/gcc/arm-none-eabi/14.2.1/../../../arm-none-eabi/lib/thumb/v7-m/nofp/libc.a(libc_a-strlen-stub.o)
 .comment       0x0000004c       0x27 /usr/lib/gcc/arm-none-eabi/14.2.1/../../../arm-none-eabi/lib/thumb/v7-m/nofp/libc.a(libc_a-memset.o)
 .comment       0x0000004c       0x27 /usr/lib/gcc/arm-none-eabi/14.2.1/../../../arm-none-eabi/lib/thumb/v7-m/nofp/libc.a(libc_a-memmove.o)
 .comment       0x0000004c       0x27 /usr/lib/gcc/arm-none-eabi/14.2.1/../../../arm-none-eabi/lib/thumb/v7-m/nofp/libc.a(libc_a-memcmp.o)

.ARM.attributes
                0x00000000       0x2b
 .ARM.attributes
                0x00000000       0x2d build/BLUEPILL/./stm32f103/backup.o
 .ARM.attributes
                0x0000002d       0x2d build/BLUEPILL/./stm32f103/target_stm32f103.o
 .ARM.attributes
                0x0000005a       0x2d build/BLUEPILL/dapboot.o
 .ARM.attributes
                0x00000087       0x2d build/BLUEPILL/dmesg.o
 .ARM.attributes
                0x000000b4       0x2d build/BLUEPILL/dummy.o
 .ARM.attributes
                0x000000e1       0x2d build/BLUEPILL/ghostfat.o
 .ARM.attributes
                0x0000010e       0x2d build/BLUEPILL/usb_conf.o
 .ARM.attributes
                0x0000013b       0x2d build/BLUEPILL/usb_msc.o
 .ARM.attributes
                0x00000168       0x2d build/BLUEPILL/webusb.o
 .ARM.attributes
                0x00000195       0x2d build/BLUEPILL/winusb.o
 .ARM.attributes
                0x000001c2       0x2d ../libopencm3/lib/libopencm3_stm32f1.a(desig.o)
 .ARM.attributes
                0x000001ef       0x2d ../libopencm3/lib/libopencm3_stm32f1.a(flash.o)
 .ARM.attributes
                0x0000021c       0x2d ../libopencm3/lib/libopencm3_stm32f1.a(gpio.o)
 .ARM.attributes
                0x00000249       0x2d ../libopencm3/lib/libopencm3_stm32f1.a(rcc.o)
 .ARM.attributes
                0x00000276       0x2d ../libopencm3/lib/libopencm3_stm32f1.a(gpio_common_all.o)
 .ARM.attributes
                0x000002a3       0x2d ../libopencm3/lib/libopencm3_stm32f1.a(rcc_common_all.o)
 .ARM.attributes
                0x000002d0       0x2d ../libopencm3/lib/libopencm3_stm32f1.a(flash_common_f01.o)
 .ARM.attributes
                0x000002fd       0x2d ../libopencm3/lib/libopencm3_stm32f1.a(usb.o)
 .ARM.attributes
                0x0000032a       0x2d ../libopencm3/lib/libopencm3_stm32f1.a(usb_control.o)
 .ARM.attributes
                0x00000357       0x2d ../libopencm3/lib/libopencm3_stm32f1.a(usb_standard.o)
 .ARM.attributes
                0x00000384       0x2d ../libopencm3/lib/libopencm3_stm32f1.a(st_usbfs_v1.o)
 .ARM.attributes
                0x000003b1       0x2d ../libopencm3/lib/libopencm3_stm32f1.a(vector.o)
 .ARM.attributes
                0x000003de       0x2d ../libopencm3/lib/libopencm3_stm32f1.a(scb.o)
 .ARM.attributes
                0x0000040b       0x2d ../libopencm3/lib/libopencm3_stm32f1.a(st_usbfs_core.o)
 .ARM.attributes
                0x00000438       0x2d /usr/lib/gcc/arm-none-eabi/14.2.1/../../../arm-none-eabi/lib/thumb/v7-m/nofp/libc.a(libc_a-strncpy.o)
 .ARM.attributes
                0x00000465       0x2d /usr/lib/gcc/arm-none-eabi/14.2.1/../../../arm-none-eabi/lib/thumb/v7-m/nofp/libc.a(libc_a-strlen-stub.o)
 .ARM.attributes
                0x00000492       0x2d /usr/lib/gcc/arm-none-eabi/14.2.1/../../../arm-none-eabi/lib/thumb/v7-m/nofp/libc.a(libc_a-memset.o)
 .ARM.attributes
                0x000004bf       0x2d /usr/lib/gcc/arm-none-eabi/14.2.1/../../../arm-none-eabi/lib/thumb/v7-m/nofp/libc.a(libc_a-memmove.o)
 .ARM.attributes
                0x000004ec       0x2d /usr/lib/gcc/arm-none-eabi/14.2.1/../../../arm-none-eabi/lib/thumb/v7-m/nofp/libc.a(libc_a-memcmp.o)
 .ARM.attributes
                0x00000519       0x1b /usr/lib/gcc/arm-none-eabi/14.2.1/../../../arm-none-eabi/lib/thumb/v7-m/nofp/libc.a(libc_a-memcpy.o)

.debug_frame    0x00000000     0x132c
 .debug_frame   0x00000000       0x30 build/BLUEPILL/./stm32f103/backup.o
 .debug_frame   0x00000030      0x120 build/BLUEPILL/./stm32f103/target_stm32f103.o
 .debug_frame   0x00000150       0x60 build/BLUEPILL/dapboot.o
 .debug_frame   0x000001b0       0xd8 build/BLUEPILL/dmesg.o
 .debug_frame   0x00000288       0x58 build/BLUEPILL/dummy.o
 .debug_frame   0x000002e0       0x90 build/BLUEPILL/ghostfat.o
 .debug_frame   0x00000370       0x44 build/BLUEPILL/usb_conf.o
 .debug_frame   0x000003b4       0xb4 build/BLUEPILL/usb_msc.o
 .debug_frame   0x00000468       0x4c build/BLUEPILL/winusb.o
 .debug_frame   0x000004b4       0x58 ../libopencm3/lib/libopencm3_stm32f1.a(desig.o)
 .debug_frame   0x0000050c      0x10c ../libopencm3/lib/libopencm3_stm32f1.a(flash.o)
 .debug_frame   0x00000618       0x64 ../libopencm3/lib/libopencm3_stm32f1.a(gpio.o)
 .debug_frame   0x0000067c      0x2d8 ../libopencm3/lib/libopencm3_stm32f1.a(rcc.o)
 .debug_frame   0x00000954       0x80 ../libopencm3/lib/libopencm3_stm32f1.a(gpio_common_all.o)
 .debug_frame   0x000009d4       0xb0 ../libopencm3/lib/libopencm3_stm32f1.a(rcc_common_all.o)
 .debug_frame   0x00000a84      0x120 ../libopencm3/lib/libopencm3_stm32f1.a(flash_common_f01.o)
 .debug_frame   0x00000ba4      0x14c ../libopencm3/lib/libopencm3_stm32f1.a(usb.o)
 .debug_frame   0x00000cf0      0x154 ../libopencm3/lib/libopencm3_stm32f1.a(usb_control.o)
 .debug_frame   0x00000e44      0x1e8 ../libopencm3/lib/libopencm3_stm32f1.a(usb_standard.o)
 .debug_frame   0x0000102c       0x58 ../libopencm3/lib/libopencm3_stm32f1.a(st_usbfs_v1.o)
 .debug_frame   0x00001084       0x40 ../libopencm3/lib/libopencm3_stm32f1.a(vector.o)
 .debug_frame   0x000010c4       0x40 ../libopencm3/lib/libopencm3_stm32f1.a(scb.o)
 .debug_frame   0x00001104      0x118 ../libopencm3/lib/libopencm3_stm32f1.a(st_usbfs_core.o)
 .debug_frame   0x0000121c       0x28 /usr/lib/gcc/arm-none-eabi/14.2.1/../../../arm-none-eabi/lib/thumb/v7-m/nofp/libc.a(libc_a-strncpy.o)
 .debug_frame   0x00001244       0x20 /usr/lib/gcc/arm-none-eabi/14.2.1/../../../arm-none-eabi/lib/thumb/v7-m/nofp/libc.a(libc_a-strlen-stub.o)
 .debug_frame   0x00001264       0x2c /usr/lib/gcc/arm-none-eabi/14.2.1/../../../arm-none-eabi/lib/thumb/v7-m/nofp/libc.a(libc_a-memset.o)
 .debug_frame   0x00001290       0x40 /usr/lib/gcc/arm-none-eabi/14.2.1/../../../arm-none-eabi/lib/thumb/v7-m/nofp/libc.a(libc_a-memmove.o)
 .debug_frame   0x000012d0       0x34 /usr/lib/gcc/arm-none-eabi/14.2.1/../../../arm-none-eabi/lib/thumb/v7-m/nofp/libc.a(libc_a-memcmp.o)
 .debug_frame   0x00001304       0x28 /usr/lib/gcc/arm-none-eabi/14.2.1/../../../arm-none-eabi/lib/thumb/v7-m/nofp/libc.a(libc_a-memcpy.o)

.debug_macro    0x00000000     0x4cae
 .debug_macro   0x00000000       0x64 ../libopencm3/lib/libopencm3_stm32f1.a(desig.o)
 .debug_macro   0x00000064      0xac6 ../libopencm3/lib/libopencm3_stm32f1.a(desig.o)
 .debug_macro   0x00000b2a      0x34e ../libopencm3/lib/libopencm3_stm32f1.a(desig.o)
 .debug_macro   0x00000e78       0x22 ../libopencm3/lib/libopencm3_stm32f1.a(desig.o)
 .debug_macro   0x00000e9a       0xfa ../libopencm3/lib/libopencm3_stm32f1.a(desig.o)
 .debug_macro   0x00000f94       0x58 ../libopencm3/lib/libopencm3_stm32f1.a(desig.o)
 .debug_macro   0x00000fec      0x1b4 ../libopencm3/lib/libopencm3_stm32f1.a(desig.o)
 .debug_macro   0x000011a0       0x80 ../libopencm3/lib/libopencm3_stm32f1.a(flash.o)
 .debug_macro   0x00001220       0xdc ../libopencm3/lib/libopencm3_stm32f1.a(flash.o)
 .debug_macro   0x000012fc       0x82 ../libopencm3/lib/libopencm3_stm32f1.a(flash.o)
 .debug_macro   0x0000137e       0x70 ../libopencm3/lib/libopencm3_stm32f1.a(gpio.o)
 .debug_macro   0x000013ee       0x76 ../libopencm3/lib/libopencm3_stm32f1.a(gpio.o)
 .debug_macro   0x00001464      0xdfd ../libopencm3/lib/libopencm3_stm32f1.a(gpio.o)
 .debug_macro   0x00002261       0x97 ../libopencm3/lib/libopencm3_stm32f1.a(rcc.o)
 .debug_macro   0x000022f8       0x16 ../libopencm3/lib/libopencm3_stm32f1.a(rcc.o)
 .debug_macro   0x0000230e      0x825 ../libopencm3/lib/libopencm3_stm32f1.a(rcc.o)
 .debug_macro   0x00002b33       0x70 ../libopencm3/lib/libopencm3_stm32f1.a(gpio_common_all.o)
 .debug_macro   0x00002ba3       0x86 ../libopencm3/lib/libopencm3_stm32f1.a(rcc_common_all.o)
 .debug_macro   0x00002c29       0x70 ../libopencm3/lib/libopencm3_stm32f1.a(flash_common_f01.o)
 .debug_macro   0x00002c99      0x139 ../libopencm3/lib/libopencm3_stm32f1.a(usb.o)
 .debug_macro   0x00002dd2       0x22 ../libopencm3/lib/libopencm3_stm32f1.a(usb.o)
 .debug_macro   0x00002df4       0x60 ../libopencm3/lib/libopencm3_stm32f1.a(usb.o)
 .debug_macro   0x00002e54       0x24 ../libopencm3/lib/libopencm3_stm32f1.a(usb.o)
 .debug_macro   0x00002e78       0x94 ../libopencm3/lib/libopencm3_stm32f1.a(usb.o)
 .debug_macro   0x00002f0c       0x3c ../libopencm3/lib/libopencm3_stm32f1.a(usb.o)
 .debug_macro   0x00002f48       0x34 ../libopencm3/lib/libopencm3_stm32f1.a(usb.o)
 .debug_macro   0x00002f7c      0x190 ../libopencm3/lib/libopencm3_stm32f1.a(usb.o)
 .debug_macro   0x0000310c       0x57 ../libopencm3/lib/libopencm3_stm32f1.a(usb.o)
 .debug_macro   0x00003163      0x364 ../libopencm3/lib/libopencm3_stm32f1.a(usb.o)
 .debug_macro   0x000034c7       0x16 ../libopencm3/lib/libopencm3_stm32f1.a(usb.o)
 .debug_macro   0x000034dd       0x4a ../libopencm3/lib/libopencm3_stm32f1.a(usb.o)
 .debug_macro   0x00003527       0x34 ../libopencm3/lib/libopencm3_stm32f1.a(usb.o)
 .debug_macro   0x0000355b       0x10 ../libopencm3/lib/libopencm3_stm32f1.a(usb.o)
 .debug_macro   0x0000356b       0x52 ../libopencm3/lib/libopencm3_stm32f1.a(usb.o)
 .debug_macro   0x000035bd      0x1e5 ../libopencm3/lib/libopencm3_stm32f1.a(usb.o)
 .debug_macro   0x000037a2       0x10 ../libopencm3/lib/libopencm3_stm32f1.a(usb.o)
 .debug_macro   0x000037b2       0x3c ../libopencm3/lib/libopencm3_stm32f1.a(usb.o)
 .debug_macro   0x000037ee      0x209 ../libopencm3/lib/libopencm3_stm32f1.a(usb.o)
 .debug_macro   0x000039f7       0x10 ../libopencm3/lib/libopencm3_stm32f1.a(usb.o)
 .debug_macro   0x00003a07       0x1c ../libopencm3/lib/libopencm3_stm32f1.a(usb.o)
 .debug_macro   0x00003a23      0x13c ../libopencm3/lib/libopencm3_stm32f1.a(usb_control.o)
 .debug_macro   0x00003b5f       0x16 ../libopencm3/lib/libopencm3_stm32f1.a(usb_control.o)
 .debug_macro   0x00003b75      0x11c ../libopencm3/lib/libopencm3_stm32f1.a(usb_control.o)
 .debug_macro   0x00003c91       0x9b ../libopencm3/lib/libopencm3_stm32f1.a(usb_control.o)
 .debug_macro   0x00003d2c       0x16 ../libopencm3/lib/libopencm3_stm32f1.a(usb_control.o)
 .debug_macro   0x00003d42       0x29 ../libopencm3/lib/libopencm3_stm32f1.a(usb_control.o)
 .debug_macro   0x00003d6b      0x139 ../libopencm3/lib/libopencm3_stm32f1.a(usb_standard.o)
 .debug_macro   0x00003ea4       0xc5 ../libopencm3/lib/libopencm3_stm32f1.a(st_usbfs_v1.o)
 .debug_macro   0x00003f69       0x3a ../libopencm3/lib/libopencm3_stm32f1.a(st_usbfs_v1.o)
 .debug_macro   0x00003fa3      0x29e ../libopencm3/lib/libopencm3_stm32f1.a(st_usbfs_v1.o)
 .debug_macro   0x00004241       0x28 ../libopencm3/lib/libopencm3_stm32f1.a(st_usbfs_v1.o)
 .debug_macro   0x00004269      0x20f ../libopencm3/lib/libopencm3_stm32f1.a(st_usbfs_v1.o)
 .debug_macro   0x00004478       0x10 ../libopencm3/lib/libopencm3_stm32f1.a(st_usbfs_v1.o)
 .debug_macro   0x00004488       0x87 ../libopencm3/lib/libopencm3_stm32f1.a(vector.o)
 .debug_macro   0x0000450f      0x3a1 ../libopencm3/lib/libopencm3_stm32f1.a(vector.o)
 .debug_macro   0x000048b0       0x6a ../libopencm3/lib/libopencm3_stm32f1.a(vector.o)
 .debug_macro   0x0000491a      0x1a2 ../libopencm3/lib/libopencm3_stm32f1.a(vector.o)
 .debug_macro   0x00004abc      0x12d ../libopencm3/lib/libopencm3_stm32f1.a(scb.o)
 .debug_macro   0x00004be9       0xc5 ../libopencm3/lib/libopencm3_stm32f1.a(st_usbfs_core.o)

.debug_line_str
                0x00000000       0x94
 .debug_line_str
                0x00000000       0x94 /usr/lib/gcc/arm-none-eabi/14.2.1/../../../arm-none-eabi/lib/thumb/v7-m/nofp/libc.a(libc_a-memcpy.o)
